// Jest Snapshot v1, https://goo.gl/fbAQLP

exports[`Aux renders properly 1`] = `
Array [
  <h1 />,
  <h2 />,
  <h3 />,
]
`;
