// Jest Snapshot v1, https://goo.gl/fbAQLP

exports[`App renders properly 1`] = `
<div>
  <h1>
    NoteManager
  </h1>
</div>
`;
